
=============
results for unittest
	passed tests =   0 /   2
	failed tests =   2 /   2
	passed tests:
	=============
	failed tests:
	=============
		macveth_dir/test_1loop_2stmt_comp.c
		macveth_dir/test_1loop_1stmt_comp.c
=============
results for fulltest
	passed tests =   1 /   1
	failed tests =   0 /   1
	Good work!
	passed tests:
	=============
		macveth_dir/test_2darray_comp.c
	failed tests:
	=============
